
Discarded input sections

 .text          0x00000000        0x0 ../obj/main.o
 .data          0x00000000        0x0 ../obj/main.o
 .bss           0x00000000        0x0 ../obj/main.o
 .text          0x00000000        0x0 ../obj/startup_stm32f4xx.o
 .data          0x00000000        0x0 ../obj/startup_stm32f4xx.o
 .bss           0x00000000        0x0 ../obj/startup_stm32f4xx.o
 .text          0x00000000        0x0 ../obj/stm32f4xx_syscfg.o
 .data          0x00000000        0x0 ../obj/stm32f4xx_syscfg.o
 .bss           0x00000000        0x0 ../obj/stm32f4xx_syscfg.o
 .text.SYSCFG_DeInit
                0x00000000       0x1c ../obj/stm32f4xx_syscfg.o
 .text.SYSCFG_MemoryRemapConfig
                0x00000000       0x20 ../obj/stm32f4xx_syscfg.o
 .text.SYSCFG_EXTILineConfig
                0x00000000       0x84 ../obj/stm32f4xx_syscfg.o
 .text.SYSCFG_ETH_MediaInterfaceConfig
                0x00000000       0x1c ../obj/stm32f4xx_syscfg.o
 .text.SYSCFG_CompensationCellCmd
                0x00000000       0x20 ../obj/stm32f4xx_syscfg.o
 .text.SYSCFG_GetCompensationCellStatus
                0x00000000       0x30 ../obj/stm32f4xx_syscfg.o
 .debug_info    0x00000000      0x278 ../obj/stm32f4xx_syscfg.o
 .debug_abbrev  0x00000000      0x135 ../obj/stm32f4xx_syscfg.o
 .debug_aranges
                0x00000000       0x48 ../obj/stm32f4xx_syscfg.o
 .debug_ranges  0x00000000       0x38 ../obj/stm32f4xx_syscfg.o
 .debug_line    0x00000000      0x1ef ../obj/stm32f4xx_syscfg.o
 .debug_str     0x00000000      0x31a ../obj/stm32f4xx_syscfg.o
 .comment       0x00000000       0x6f ../obj/stm32f4xx_syscfg.o
 .debug_frame   0x00000000       0xf4 ../obj/stm32f4xx_syscfg.o
 .ARM.attributes
                0x00000000       0x33 ../obj/stm32f4xx_syscfg.o
 .text          0x00000000        0x0 ../obj/system_stm32f4xx.o
 .data          0x00000000       0x14 ../obj/system_stm32f4xx.o
 .bss           0x00000000        0x0 ../obj/system_stm32f4xx.o
 .text.SystemCoreClockUpdate
                0x00000000       0xf8 ../obj/system_stm32f4xx.o
 .text          0x00000000        0x0 ../obj/stm32f4xx_rcc.o
 .data          0x00000000       0x10 ../obj/stm32f4xx_rcc.o
 .bss           0x00000000        0x0 ../obj/stm32f4xx_rcc.o
 .text.RCC_DeInit
                0x00000000       0x50 ../obj/stm32f4xx_rcc.o
 .text.RCC_HSEConfig
                0x00000000       0x24 ../obj/stm32f4xx_rcc.o
 .text.RCC_WaitForHSEStartUp
                0x00000000       0x50 ../obj/stm32f4xx_rcc.o
 .text.RCC_AdjustHSICalibrationValue
                0x00000000       0x3c ../obj/stm32f4xx_rcc.o
 .text.RCC_HSICmd
                0x00000000       0x20 ../obj/stm32f4xx_rcc.o
 .text.RCC_LSEConfig
                0x00000000       0x40 ../obj/stm32f4xx_rcc.o
 .text.RCC_LSICmd
                0x00000000       0x20 ../obj/stm32f4xx_rcc.o
 .text.RCC_PLLConfig
                0x00000000       0x3c ../obj/stm32f4xx_rcc.o
 .text.RCC_PLLCmd
                0x00000000       0x20 ../obj/stm32f4xx_rcc.o
 .text.RCC_PLLI2SConfig
                0x00000000       0x28 ../obj/stm32f4xx_rcc.o
 .text.RCC_PLLI2SCmd
                0x00000000       0x20 ../obj/stm32f4xx_rcc.o
 .text.RCC_ClockSecuritySystemCmd
                0x00000000       0x20 ../obj/stm32f4xx_rcc.o
 .text.RCC_MCO1Config
                0x00000000       0x3c ../obj/stm32f4xx_rcc.o
 .text.RCC_MCO2Config
                0x00000000       0x3c ../obj/stm32f4xx_rcc.o
 .text.RCC_SYSCLKConfig
                0x00000000       0x38 ../obj/stm32f4xx_rcc.o
 .text.RCC_GetSYSCLKSource
                0x00000000       0x1c ../obj/stm32f4xx_rcc.o
 .text.RCC_HCLKConfig
                0x00000000       0x38 ../obj/stm32f4xx_rcc.o
 .text.RCC_PCLK1Config
                0x00000000       0x38 ../obj/stm32f4xx_rcc.o
 .text.RCC_PCLK2Config
                0x00000000       0x38 ../obj/stm32f4xx_rcc.o
 .text.RCC_GetClocksFreq
                0x00000000      0x154 ../obj/stm32f4xx_rcc.o
 .text.RCC_RTCCLKConfig
                0x00000000       0x5c ../obj/stm32f4xx_rcc.o
 .text.RCC_RTCCLKCmd
                0x00000000       0x20 ../obj/stm32f4xx_rcc.o
 .text.RCC_BackupResetCmd
                0x00000000       0x20 ../obj/stm32f4xx_rcc.o
 .text.RCC_I2SCLKConfig
                0x00000000       0x1c ../obj/stm32f4xx_rcc.o
 .text.RCC_AHB2PeriphClockCmd
                0x00000000       0x3c ../obj/stm32f4xx_rcc.o
 .text.RCC_AHB3PeriphClockCmd
                0x00000000       0x3c ../obj/stm32f4xx_rcc.o
 .text.RCC_APB2PeriphClockCmd
                0x00000000       0x3c ../obj/stm32f4xx_rcc.o
 .text.RCC_AHB1PeriphResetCmd
                0x00000000       0x3c ../obj/stm32f4xx_rcc.o
 .text.RCC_AHB2PeriphResetCmd
                0x00000000       0x3c ../obj/stm32f4xx_rcc.o
 .text.RCC_AHB3PeriphResetCmd
                0x00000000       0x3c ../obj/stm32f4xx_rcc.o
 .text.RCC_APB1PeriphResetCmd
                0x00000000       0x3c ../obj/stm32f4xx_rcc.o
 .text.RCC_APB2PeriphResetCmd
                0x00000000       0x3c ../obj/stm32f4xx_rcc.o
 .text.RCC_AHB1PeriphClockLPModeCmd
                0x00000000       0x3c ../obj/stm32f4xx_rcc.o
 .text.RCC_AHB2PeriphClockLPModeCmd
                0x00000000       0x3c ../obj/stm32f4xx_rcc.o
 .text.RCC_AHB3PeriphClockLPModeCmd
                0x00000000       0x3c ../obj/stm32f4xx_rcc.o
 .text.RCC_APB1PeriphClockLPModeCmd
                0x00000000       0x3c ../obj/stm32f4xx_rcc.o
 .text.RCC_APB2PeriphClockLPModeCmd
                0x00000000       0x3c ../obj/stm32f4xx_rcc.o
 .text.RCC_ITConfig
                0x00000000       0x4c ../obj/stm32f4xx_rcc.o
 .text.RCC_GetFlagStatus
                0x00000000       0x74 ../obj/stm32f4xx_rcc.o
 .text.RCC_ClearFlag
                0x00000000       0x1c ../obj/stm32f4xx_rcc.o
 .text.RCC_GetITStatus
                0x00000000       0x34 ../obj/stm32f4xx_rcc.o
 .text.RCC_ClearITPendingBit
                0x00000000       0x20 ../obj/stm32f4xx_rcc.o
 .text          0x00000000        0x0 ../obj/stm32f4xx_gpio.o
 .data          0x00000000        0x0 ../obj/stm32f4xx_gpio.o
 .bss           0x00000000        0x0 ../obj/stm32f4xx_gpio.o
 .text.GPIO_DeInit
                0x00000000      0x120 ../obj/stm32f4xx_gpio.o
 .text.GPIO_StructInit
                0x00000000       0x34 ../obj/stm32f4xx_gpio.o
 .text.GPIO_PinLockConfig
                0x00000000       0x44 ../obj/stm32f4xx_gpio.o
 .text.GPIO_ReadInputDataBit
                0x00000000       0x34 ../obj/stm32f4xx_gpio.o
 .text.GPIO_ReadInputData
                0x00000000       0x18 ../obj/stm32f4xx_gpio.o
 .text.GPIO_ReadOutputDataBit
                0x00000000       0x34 ../obj/stm32f4xx_gpio.o
 .text.GPIO_ReadOutputData
                0x00000000       0x18 ../obj/stm32f4xx_gpio.o
 .text.GPIO_SetBits
                0x00000000       0x1c ../obj/stm32f4xx_gpio.o
 .text.GPIO_ResetBits
                0x00000000       0x1c ../obj/stm32f4xx_gpio.o
 .text.GPIO_WriteBit
                0x00000000       0x30 ../obj/stm32f4xx_gpio.o
 .text.GPIO_Write
                0x00000000       0x1c ../obj/stm32f4xx_gpio.o
 .text.GPIO_ToggleBits
                0x00000000       0x24 ../obj/stm32f4xx_gpio.o
 .text.GPIO_PinAFConfig
                0x00000000       0x90 ../obj/stm32f4xx_gpio.o
 .text          0x00000000        0x0 ../obj/stm32f4xx_tim.o
 .data          0x00000000        0x0 ../obj/stm32f4xx_tim.o
 .bss           0x00000000        0x0 ../obj/stm32f4xx_tim.o
 .text.TIM_DeInit
                0x00000000      0x1c0 ../obj/stm32f4xx_tim.o
 .text.TIM_TimeBaseStructInit
                0x00000000       0x34 ../obj/stm32f4xx_tim.o
 .text.TIM_PrescalerConfig
                0x00000000       0x28 ../obj/stm32f4xx_tim.o
 .text.TIM_CounterModeConfig
                0x00000000       0x38 ../obj/stm32f4xx_tim.o
 .text.TIM_SetCounter
                0x00000000       0x1c ../obj/stm32f4xx_tim.o
 .text.TIM_SetAutoreload
                0x00000000       0x1c ../obj/stm32f4xx_tim.o
 .text.TIM_GetCounter
                0x00000000       0x18 ../obj/stm32f4xx_tim.o
 .text.TIM_GetPrescaler
                0x00000000       0x18 ../obj/stm32f4xx_tim.o
 .text.TIM_UpdateDisableConfig
                0x00000000       0x40 ../obj/stm32f4xx_tim.o
 .text.TIM_UpdateRequestConfig
                0x00000000       0x40 ../obj/stm32f4xx_tim.o
 .text.TIM_ARRPreloadConfig
                0x00000000       0x40 ../obj/stm32f4xx_tim.o
 .text.TIM_SelectOnePulseMode
                0x00000000       0x38 ../obj/stm32f4xx_tim.o
 .text.TIM_SetClockDivision
                0x00000000       0x38 ../obj/stm32f4xx_tim.o
 .text.TIM_OC1Init
                0x00000000       0xf4 ../obj/stm32f4xx_tim.o
 .text.TIM_OC2Init
                0x00000000      0x110 ../obj/stm32f4xx_tim.o
 .text.TIM_OC3Init
                0x00000000      0x10c ../obj/stm32f4xx_tim.o
 .text.TIM_OC4Init
                0x00000000       0xcc ../obj/stm32f4xx_tim.o
 .text.TIM_OCStructInit
                0x00000000       0x44 ../obj/stm32f4xx_tim.o
 .text.TIM_SelectOCxM
                0x00000000       0xb0 ../obj/stm32f4xx_tim.o
 .text.TIM_SetCompare1
                0x00000000       0x1c ../obj/stm32f4xx_tim.o
 .text.TIM_SetCompare2
                0x00000000       0x1c ../obj/stm32f4xx_tim.o
 .text.TIM_SetCompare3
                0x00000000       0x1c ../obj/stm32f4xx_tim.o
 .text.TIM_SetCompare4
                0x00000000       0x1c ../obj/stm32f4xx_tim.o
 .text.TIM_ForcedOC1Config
                0x00000000       0x38 ../obj/stm32f4xx_tim.o
 .text.TIM_ForcedOC2Config
                0x00000000       0x3c ../obj/stm32f4xx_tim.o
 .text.TIM_ForcedOC3Config
                0x00000000       0x38 ../obj/stm32f4xx_tim.o
 .text.TIM_ForcedOC4Config
                0x00000000       0x3c ../obj/stm32f4xx_tim.o
 .text.TIM_OC1PreloadConfig
                0x00000000       0x38 ../obj/stm32f4xx_tim.o
 .text.TIM_OC2PreloadConfig
                0x00000000       0x3c ../obj/stm32f4xx_tim.o
 .text.TIM_OC3PreloadConfig
                0x00000000       0x38 ../obj/stm32f4xx_tim.o
 .text.TIM_OC4PreloadConfig
                0x00000000       0x3c ../obj/stm32f4xx_tim.o
 .text.TIM_OC1FastConfig
                0x00000000       0x38 ../obj/stm32f4xx_tim.o
 .text.TIM_OC2FastConfig
                0x00000000       0x3c ../obj/stm32f4xx_tim.o
 .text.TIM_OC3FastConfig
                0x00000000       0x38 ../obj/stm32f4xx_tim.o
 .text.TIM_OC4FastConfig
                0x00000000       0x3c ../obj/stm32f4xx_tim.o
 .text.TIM_ClearOC1Ref
                0x00000000       0x38 ../obj/stm32f4xx_tim.o
 .text.TIM_ClearOC2Ref
                0x00000000       0x3c ../obj/stm32f4xx_tim.o
 .text.TIM_ClearOC3Ref
                0x00000000       0x38 ../obj/stm32f4xx_tim.o
 .text.TIM_ClearOC4Ref
                0x00000000       0x3c ../obj/stm32f4xx_tim.o
 .text.TIM_OC1PolarityConfig
                0x00000000       0x38 ../obj/stm32f4xx_tim.o
 .text.TIM_OC1NPolarityConfig
                0x00000000       0x38 ../obj/stm32f4xx_tim.o
 .text.TIM_OC2PolarityConfig
                0x00000000       0x3c ../obj/stm32f4xx_tim.o
 .text.TIM_OC2NPolarityConfig
                0x00000000       0x3c ../obj/stm32f4xx_tim.o
 .text.TIM_OC3PolarityConfig
                0x00000000       0x3c ../obj/stm32f4xx_tim.o
 .text.TIM_OC3NPolarityConfig
                0x00000000       0x3c ../obj/stm32f4xx_tim.o
 .text.TIM_OC4PolarityConfig
                0x00000000       0x3c ../obj/stm32f4xx_tim.o
 .text.TIM_CCxCmd
                0x00000000       0x5c ../obj/stm32f4xx_tim.o
 .text.TIM_CCxNCmd
                0x00000000       0x5c ../obj/stm32f4xx_tim.o
 .text.TIM_ICInit
                0x00000000       0xa8 ../obj/stm32f4xx_tim.o
 .text.TIM_ICStructInit
                0x00000000       0x30 ../obj/stm32f4xx_tim.o
 .text.TIM_PWMIConfig
                0x00000000       0xb8 ../obj/stm32f4xx_tim.o
 .text.TIM_GetCapture1
                0x00000000       0x18 ../obj/stm32f4xx_tim.o
 .text.TIM_GetCapture2
                0x00000000       0x18 ../obj/stm32f4xx_tim.o
 .text.TIM_GetCapture3
                0x00000000       0x18 ../obj/stm32f4xx_tim.o
 .text.TIM_GetCapture4
                0x00000000       0x18 ../obj/stm32f4xx_tim.o
 .text.TIM_SetIC1Prescaler
                0x00000000       0x38 ../obj/stm32f4xx_tim.o
 .text.TIM_SetIC2Prescaler
                0x00000000       0x3c ../obj/stm32f4xx_tim.o
 .text.TIM_SetIC3Prescaler
                0x00000000       0x38 ../obj/stm32f4xx_tim.o
 .text.TIM_SetIC4Prescaler
                0x00000000       0x3c ../obj/stm32f4xx_tim.o
 .text.TIM_BDTRConfig
                0x00000000       0x50 ../obj/stm32f4xx_tim.o
 .text.TIM_BDTRStructInit
                0x00000000       0x3c ../obj/stm32f4xx_tim.o
 .text.TIM_CtrlPWMOutputs
                0x00000000       0x4c ../obj/stm32f4xx_tim.o
 .text.TIM_SelectCOM
                0x00000000       0x40 ../obj/stm32f4xx_tim.o
 .text.TIM_CCPreloadControl
                0x00000000       0x40 ../obj/stm32f4xx_tim.o
 .text.TIM_GenerateEvent
                0x00000000       0x1c ../obj/stm32f4xx_tim.o
 .text.TIM_GetFlagStatus
                0x00000000       0x38 ../obj/stm32f4xx_tim.o
 .text.TIM_ClearFlag
                0x00000000       0x20 ../obj/stm32f4xx_tim.o
 .text.TIM_GetITStatus
                0x00000000       0x54 ../obj/stm32f4xx_tim.o
 .text.TIM_DMAConfig
                0x00000000       0x28 ../obj/stm32f4xx_tim.o
 .text.TIM_DMACmd
                0x00000000       0x48 ../obj/stm32f4xx_tim.o
 .text.TIM_SelectCCDMA
                0x00000000       0x40 ../obj/stm32f4xx_tim.o
 .text.TIM_InternalClockConfig
                0x00000000       0x24 ../obj/stm32f4xx_tim.o
 .text.TIM_ITRxExternalClockConfig
                0x00000000       0x30 ../obj/stm32f4xx_tim.o
 .text.TIM_TIxExternalClockConfig
                0x00000000       0x5c ../obj/stm32f4xx_tim.o
 .text.TIM_ETRClockMode1Config
                0x00000000       0x60 ../obj/stm32f4xx_tim.o
 .text.TIM_ETRClockMode2Config
                0x00000000       0x40 ../obj/stm32f4xx_tim.o
 .text.TIM_SelectInputTrigger
                0x00000000       0x38 ../obj/stm32f4xx_tim.o
 .text.TIM_SelectOutputTrigger
                0x00000000       0x38 ../obj/stm32f4xx_tim.o
 .text.TIM_SelectSlaveMode
                0x00000000       0x38 ../obj/stm32f4xx_tim.o
 .text.TIM_SelectMasterSlaveMode
                0x00000000       0x38 ../obj/stm32f4xx_tim.o
 .text.TIM_ETRConfig
                0x00000000       0x54 ../obj/stm32f4xx_tim.o
 .text.TIM_EncoderInterfaceConfig
                0x00000000       0x98 ../obj/stm32f4xx_tim.o
 .text.TIM_SelectHallSensor
                0x00000000       0x40 ../obj/stm32f4xx_tim.o
 .text.TIM_RemapConfig
                0x00000000       0x20 ../obj/stm32f4xx_tim.o
 .text.TI1_Config
                0x00000000       0x84 ../obj/stm32f4xx_tim.o
 .text.TI2_Config
                0x00000000       0x98 ../obj/stm32f4xx_tim.o
 .text.TI3_Config
                0x00000000       0x90 ../obj/stm32f4xx_tim.o
 .text.TI4_Config
                0x00000000       0x9c ../obj/stm32f4xx_tim.o
 .text          0x00000000        0x0 ../obj/misc.o
 .data          0x00000000        0x0 ../obj/misc.o
 .bss           0x00000000        0x0 ../obj/misc.o
 .text.NVIC_SetVectorTable
                0x00000000       0x2c ../obj/misc.o
 .text.NVIC_SystemLPConfig
                0x00000000       0x40 ../obj/misc.o
 .text.SysTick_CLKSourceConfig
                0x00000000       0x38 ../obj/misc.o
 .text          0x00000000        0x0 ../obj/stm32f4xx_it.o
 .data          0x00000000        0x0 ../obj/stm32f4xx_it.o
 .bss           0x00000000        0x2 ../obj/stm32f4xx_it.o

Memory Configuration

Name             Origin             Length             Attributes
FLASH            0x08000000         0x00100000         xr
RAM              0x20000000         0x0001c000         xrw
MEMORY_B1        0x60000000         0x00000000         xr
*default*        0x00000000         0xffffffff

Linker script and memory map

                0x2001c000                _estack = 0x2001c000
                0x00000000                _Min_Heap_Size = 0x0
                0x00000400                _Min_Stack_Size = 0x400

.isr_vector     0x08000000      0x188
                0x08000000                . = ALIGN (0x4)
 *(.isr_vector)
 .isr_vector    0x08000000      0x188 ../obj/startup_stm32f4xx.o
                0x08000000                g_pfnVectors
                0x08000188                . = ALIGN (0x4)

.text           0x08000188      0x748
                0x08000188                . = ALIGN (0x4)
 *(.text)
 *(.text*)
 .text.main     0x08000188       0xf0 ../obj/main.o
                0x08000188                main
 .text.wait_delay
                0x08000278       0x30 ../obj/main.o
                0x08000278                wait_delay
 .text.Default_Reset_Handler
                0x080002a8       0x5c ../obj/startup_stm32f4xx.o
                0x080002a8                Default_Reset_Handler
                0x080002a8                Reset_Handler
 .text.Default_Handler
                0x08000304        0x8 ../obj/startup_stm32f4xx.o
                0x08000304                RTC_Alarm_IRQHandler
                0x08000304                HASH_RNG_IRQHandler
                0x08000304                EXTI2_IRQHandler
                0x08000304                TIM8_CC_IRQHandler
                0x08000304                TIM1_CC_IRQHandler
                0x08000304                DMA2_Stream5_IRQHandler
                0x08000304                DMA1_Stream5_IRQHandler
                0x08000304                PVD_IRQHandler
                0x08000304                SDIO_IRQHandler
                0x08000304                TAMP_STAMP_IRQHandler
                0x08000304                CAN2_RX1_IRQHandler
                0x08000304                EXTI3_IRQHandler
                0x08000304                TIM8_TRG_COM_TIM14_IRQHandler
                0x08000304                TIM1_UP_TIM10_IRQHandler
                0x08000304                TIM8_UP_TIM13_IRQHandler
                0x08000304                I2C3_ER_IRQHandler
                0x08000304                EXTI0_IRQHandler
                0x08000304                I2C2_EV_IRQHandler
                0x08000304                DMA1_Stream2_IRQHandler
                0x08000304                CAN1_RX0_IRQHandler
                0x08000304                FPU_IRQHandler
                0x08000304                OTG_HS_WKUP_IRQHandler
                0x08000304                CAN2_SCE_IRQHandler
                0x08000304                DMA2_Stream2_IRQHandler
                0x08000304                SPI1_IRQHandler
                0x08000304                TIM6_DAC_IRQHandler
                0x08000304                TIM1_BRK_TIM9_IRQHandler
                0x08000304                DCMI_IRQHandler
                0x08000304                CAN2_RX0_IRQHandler
                0x08000304                DMA2_Stream3_IRQHandler
                0x08000304                USART6_IRQHandler
                0x08000304                USART3_IRQHandler
                0x08000304                CRYP_IRQHandler
                0x08000304                CAN1_RX1_IRQHandler
                0x08000304                UART5_IRQHandler
                0x08000304                DMA2_Stream0_IRQHandler
                0x08000304                TIM4_IRQHandler
                0x08000304                I2C1_EV_IRQHandler
                0x08000304                DMA1_Stream6_IRQHandler
                0x08000304                DMA1_Stream1_IRQHandler
                0x08000304                UART4_IRQHandler
                0x08000304                TIM3_IRQHandler
                0x08000304                RCC_IRQHandler
                0x08000304                TIM8_BRK_TIM12_IRQHandler
                0x08000304                EXTI15_10_IRQHandler
                0x08000304                ADC_IRQHandler
                0x08000304                DMA1_Stream7_IRQHandler
                0x08000304                TIM7_IRQHandler
                0x08000304                CAN2_TX_IRQHandler
                0x08000304                TIM5_IRQHandler
                0x08000304                DMA2_Stream7_IRQHandler
                0x08000304                I2C3_EV_IRQHandler
                0x08000304                EXTI9_5_IRQHandler
                0x08000304                RTC_WKUP_IRQHandler
                0x08000304                ETH_WKUP_IRQHandler
                0x08000304                SPI2_IRQHandler
                0x08000304                OTG_HS_EP1_IN_IRQHandler
                0x08000304                DMA1_Stream0_IRQHandler
                0x08000304                CAN1_TX_IRQHandler
                0x08000304                EXTI4_IRQHandler
                0x08000304                FSMC_IRQHandler
                0x08000304                ETH_IRQHandler
                0x08000304                OTG_HS_EP1_OUT_IRQHandler
                0x08000304                WWDG_IRQHandler
                0x08000304                OTG_FS_WKUP_IRQHandler
                0x08000304                TIM1_TRG_COM_TIM11_IRQHandler
                0x08000304                OTG_HS_IRQHandler
                0x08000304                EXTI1_IRQHandler
                0x08000304                USART2_IRQHandler
                0x08000304                I2C2_ER_IRQHandler
                0x08000304                DMA2_Stream1_IRQHandler
                0x08000304                CAN1_SCE_IRQHandler
                0x08000304                FLASH_IRQHandler
                0x08000304                DMA2_Stream4_IRQHandler
                0x08000304                USART1_IRQHandler
                0x08000304                OTG_FS_IRQHandler
                0x08000304                SPI3_IRQHandler
                0x08000304                DMA1_Stream4_IRQHandler
                0x08000304                I2C1_ER_IRQHandler
                0x08000304                DMA2_Stream6_IRQHandler
                0x08000304                DMA1_Stream3_IRQHandler
 .text.SystemInit
                0x0800030c       0x5c ../obj/system_stm32f4xx.o
                0x0800030c                SystemInit
 .text.SetSysClock
                0x08000368       0xf4 ../obj/system_stm32f4xx.o
 .text.RCC_AHB1PeriphClockCmd
                0x0800045c       0x3c ../obj/stm32f4xx_rcc.o
                0x0800045c                RCC_AHB1PeriphClockCmd
 .text.RCC_APB1PeriphClockCmd
                0x08000498       0x3c ../obj/stm32f4xx_rcc.o
                0x08000498                RCC_APB1PeriphClockCmd
 .text.GPIO_Init
                0x080004d4      0x11c ../obj/stm32f4xx_gpio.o
                0x080004d4                GPIO_Init
 .text.TIM_TimeBaseInit
                0x080005f0       0xd4 ../obj/stm32f4xx_tim.o
                0x080005f0                TIM_TimeBaseInit
 .text.TIM_Cmd  0x080006c4       0x40 ../obj/stm32f4xx_tim.o
                0x080006c4                TIM_Cmd
 .text.TIM_ITConfig
                0x08000704       0x48 ../obj/stm32f4xx_tim.o
                0x08000704                TIM_ITConfig
 .text.TIM_ClearITPendingBit
                0x0800074c       0x20 ../obj/stm32f4xx_tim.o
                0x0800074c                TIM_ClearITPendingBit
 .text.NVIC_PriorityGroupConfig
                0x0800076c       0x24 ../obj/misc.o
                0x0800076c                NVIC_PriorityGroupConfig
 .text.NVIC_Init
                0x08000790       0xc0 ../obj/misc.o
                0x08000790                NVIC_Init
 .text.NMI_Handler
                0x08000850        0xc ../obj/stm32f4xx_it.o
                0x08000850                NMI_Handler
 .text.HardFault_Handler
                0x0800085c        0x8 ../obj/stm32f4xx_it.o
                0x0800085c                HardFault_Handler
 .text.MemManage_Handler
                0x08000864        0x8 ../obj/stm32f4xx_it.o
                0x08000864                MemManage_Handler
 .text.BusFault_Handler
                0x0800086c        0x8 ../obj/stm32f4xx_it.o
                0x0800086c                BusFault_Handler
 .text.UsageFault_Handler
                0x08000874        0x8 ../obj/stm32f4xx_it.o
                0x08000874                UsageFault_Handler
 .text.DebugMon_Handler
                0x0800087c        0xc ../obj/stm32f4xx_it.o
                0x0800087c                DebugMon_Handler
 .text.SVC_Handler
                0x08000888        0xc ../obj/stm32f4xx_it.o
                0x08000888                SVC_Handler
 .text.PendSV_Handler
                0x08000894        0xc ../obj/stm32f4xx_it.o
                0x08000894                PendSV_Handler
 .text.SysTick_Handler
                0x080008a0        0xc ../obj/stm32f4xx_it.o
                0x080008a0                SysTick_Handler
 .text.TIM2_IRQHandler
                0x080008ac       0x24 ../obj/stm32f4xx_it.o
                0x080008ac                TIM2_IRQHandler
 *(.rodata)
 *(.rodata*)
 *(.glue_7)
 .glue_7        0x080008d0        0x0 linker stubs
 *(.glue_7t)
 .glue_7t       0x080008d0        0x0 linker stubs
 *(.eh_frame)
 *(.init)
 *(.fini)
                0x080008d0                . = ALIGN (0x4)
                0x080008d0                _etext = .

.vfp11_veneer   0x080008d0        0x0
 .vfp11_veneer  0x080008d0        0x0 linker stubs

.v4_bx          0x080008d0        0x0
 .v4_bx         0x080008d0        0x0 linker stubs

.iplt           0x080008d0        0x0
 .iplt          0x080008d0        0x0 ../obj/main.o

.rel.dyn        0x080008d0        0x0
 .rel.iplt      0x080008d0        0x0 ../obj/main.o

.ARM.extab
 *(.ARM.extab* .gnu.linkonce.armextab.*)

.ARM            0x080008d0        0x0
                0x080008d0                __exidx_start = .
 *(.ARM.exidx*)
                0x080008d0                __exidx_end = .

.preinit_array  0x080008d0        0x0
                [!provide]                PROVIDE (__preinit_array_start, .)
 *(.preinit_array*)
                [!provide]                PROVIDE (__preinit_array_end, .)

.init_array     0x080008d0        0x0
                [!provide]                PROVIDE (__init_array_start, .)
 *(SORT(.init_array.*))
 *(.init_array*)
                [!provide]                PROVIDE (__init_array_end, .)

.fini_array     0x080008d0        0x0
                [!provide]                PROVIDE (__fini_array_start, .)
 *(.fini_array*)
 *(SORT(.fini_array.*))
                [!provide]                PROVIDE (__fini_array_end, .)
                0x080008d0                _sidata = .

.data           0x20000000        0x0 load address 0x080008d0
                0x20000000                . = ALIGN (0x4)
                0x20000000                _sdata = .
 *(.data)
 *(.data*)
                0x20000000                . = ALIGN (0x4)
                0x20000000                _edata = .

.igot.plt       0x20000000        0x0
 .igot.plt      0x20000000        0x0 ../obj/main.o

.co_stack       0x20000000      0x800
 .co_stack      0x20000000      0x800 ../obj/startup_stm32f4xx.o
                0x20000000                pulStack
                0x20000800                . = ALIGN (0x4)

.bss            0x20000800        0x0
                0x20000800                _sbss = .
                0x20000800                __bss_start__ = _sbss
 *(.bss)
 *(.bss*)
 *(COMMON)
                0x20000800                . = ALIGN (0x4)
                0x20000800                _ebss = .
                0x20000800                __bss_end__ = _ebss

._user_heap_stack
                0x20000800      0x400
                0x20000800                . = ALIGN (0x4)
                [!provide]                PROVIDE (end, .)
                [!provide]                PROVIDE (_end, .)
                0x20000800                . = (. + _Min_Heap_Size)
                0x20000c00                . = (. + _Min_Stack_Size)
 *fill*         0x20000800      0x400 
                0x20000c00                . = ALIGN (0x4)

.memory_b1_text
 *(.mb1text)
 *(.mb1text*)
 *(.mb1rodata)
 *(.mb1rodata*)

/DISCARD/
 libc.a(*)
 libm.a(*)
 libgcc.a(*)

.ARM.attributes
                0x00000000       0x33
 *(.ARM.attributes)
 .ARM.attributes
                0x00000000       0x33 ../obj/main.o
 .ARM.attributes
                0x00000033       0x33 ../obj/startup_stm32f4xx.o
 .ARM.attributes
                0x00000066       0x33 ../obj/system_stm32f4xx.o
 .ARM.attributes
                0x00000099       0x33 ../obj/stm32f4xx_rcc.o
 .ARM.attributes
                0x000000cc       0x33 ../obj/stm32f4xx_gpio.o
 .ARM.attributes
                0x000000ff       0x33 ../obj/stm32f4xx_tim.o
 .ARM.attributes
                0x00000132       0x33 ../obj/misc.o
 .ARM.attributes
                0x00000165       0x33 ../obj/stm32f4xx_it.o
LOAD ../obj/main.o
LOAD ../obj/startup_stm32f4xx.o
LOAD ../obj/stm32f4xx_syscfg.o
LOAD ../obj/system_stm32f4xx.o
LOAD ../obj/stm32f4xx_rcc.o
LOAD ../obj/stm32f4xx_gpio.o
LOAD ../obj/stm32f4xx_tim.o
LOAD ../obj/misc.o
LOAD ../obj/stm32f4xx_it.o
START GROUP
LOAD c:/program files (x86)/gnu tools arm embedded/5.2 2015q4/bin/../lib/gcc/arm-none-eabi/5.2.1/armv7e-m\libgcc.a
LOAD c:/program files (x86)/gnu tools arm embedded/5.2 2015q4/bin/../lib/gcc/arm-none-eabi/5.2.1/../../../../arm-none-eabi/lib/armv7e-m\libg.a
LOAD c:/program files (x86)/gnu tools arm embedded/5.2 2015q4/bin/../lib/gcc/arm-none-eabi/5.2.1/../../../../arm-none-eabi/lib/armv7e-m\libc.a
END GROUP
OUTPUT(timer.elf elf32-littlearm)

.debug_info     0x00000000     0x46f1
 .debug_info    0x00000000      0x819 ../obj/main.o
 .debug_info    0x00000819       0xf1 ../obj/startup_stm32f4xx.o
 .debug_info    0x0000090a      0x59a ../obj/system_stm32f4xx.o
 .debug_info    0x00000ea4      0xc5d ../obj/stm32f4xx_rcc.o
 .debug_info    0x00001b01      0x61e ../obj/stm32f4xx_gpio.o
 .debug_info    0x0000211f     0x1c6d ../obj/stm32f4xx_tim.o
 .debug_info    0x00003d8c      0x545 ../obj/misc.o
 .debug_info    0x000042d1      0x420 ../obj/stm32f4xx_it.o

.debug_abbrev   0x00000000      0xa8d
 .debug_abbrev  0x00000000      0x163 ../obj/main.o
 .debug_abbrev  0x00000163       0xb2 ../obj/startup_stm32f4xx.o
 .debug_abbrev  0x00000215      0x13a ../obj/system_stm32f4xx.o
 .debug_abbrev  0x0000034f      0x1e7 ../obj/stm32f4xx_rcc.o
 .debug_abbrev  0x00000536      0x1a9 ../obj/stm32f4xx_gpio.o
 .debug_abbrev  0x000006df      0x18b ../obj/stm32f4xx_tim.o
 .debug_abbrev  0x0000086a      0x149 ../obj/misc.o
 .debug_abbrev  0x000009b3       0xda ../obj/stm32f4xx_it.o

.debug_aranges  0x00000000      0x620
 .debug_aranges
                0x00000000       0x28 ../obj/main.o
 .debug_aranges
                0x00000028       0x28 ../obj/startup_stm32f4xx.o
 .debug_aranges
                0x00000050       0x30 ../obj/system_stm32f4xx.o
 .debug_aranges
                0x00000080      0x178 ../obj/stm32f4xx_rcc.o
 .debug_aranges
                0x000001f8       0x88 ../obj/stm32f4xx_gpio.o
 .debug_aranges
                0x00000280      0x2f8 ../obj/stm32f4xx_tim.o
 .debug_aranges
                0x00000578       0x40 ../obj/misc.o
 .debug_aranges
                0x000005b8       0x68 ../obj/stm32f4xx_it.o

.debug_ranges   0x00000000      0x5a0
 .debug_ranges  0x00000000       0x18 ../obj/main.o
 .debug_ranges  0x00000018       0x18 ../obj/startup_stm32f4xx.o
 .debug_ranges  0x00000030       0x20 ../obj/system_stm32f4xx.o
 .debug_ranges  0x00000050      0x168 ../obj/stm32f4xx_rcc.o
 .debug_ranges  0x000001b8       0x78 ../obj/stm32f4xx_gpio.o
 .debug_ranges  0x00000230      0x2e8 ../obj/stm32f4xx_tim.o
 .debug_ranges  0x00000518       0x30 ../obj/misc.o
 .debug_ranges  0x00000548       0x58 ../obj/stm32f4xx_it.o

.debug_line     0x00000000     0x1bc4
 .debug_line    0x00000000      0x20f ../obj/main.o
 .debug_line    0x0000020f       0x88 ../obj/startup_stm32f4xx.o
 .debug_line    0x00000297      0x1db ../obj/system_stm32f4xx.o
 .debug_line    0x00000472      0x576 ../obj/stm32f4xx_rcc.o
 .debug_line    0x000009e8      0x331 ../obj/stm32f4xx_gpio.o
 .debug_line    0x00000d19      0xa92 ../obj/stm32f4xx_tim.o
 .debug_line    0x000017ab      0x20f ../obj/misc.o
 .debug_line    0x000019ba      0x20a ../obj/stm32f4xx_it.o

.debug_str      0x00000000     0x1fc6
 .debug_str     0x00000000      0xa01 ../obj/main.o
                                0xa61 (size before relaxing)
 .debug_str     0x00000a01       0x97 ../obj/startup_stm32f4xx.o
                                0x166 (size before relaxing)
 .debug_str     0x00000a98      0x1b4 ../obj/system_stm32f4xx.o
                                0x3b2 (size before relaxing)
 .debug_str     0x00000c4c      0x571 ../obj/stm32f4xx_rcc.o
                                0x876 (size before relaxing)
 .debug_str     0x000011bd      0x18c ../obj/stm32f4xx_gpio.o
                                0x4c9 (size before relaxing)
 .debug_str     0x00001349      0xa74 ../obj/stm32f4xx_tim.o
                                0xdf6 (size before relaxing)
 .debug_str     0x00001dbd      0x14f ../obj/misc.o
                                0x3f4 (size before relaxing)
 .debug_str     0x00001f0c       0xba ../obj/stm32f4xx_it.o
                                0x35b (size before relaxing)

.comment        0x00000000       0x6e
 .comment       0x00000000       0x6e ../obj/main.o
                                 0x6f (size before relaxing)
 .comment       0x0000006e       0x6f ../obj/startup_stm32f4xx.o
 .comment       0x0000006e       0x6f ../obj/system_stm32f4xx.o
 .comment       0x0000006e       0x6f ../obj/stm32f4xx_rcc.o
 .comment       0x0000006e       0x6f ../obj/stm32f4xx_gpio.o
 .comment       0x0000006e       0x6f ../obj/stm32f4xx_tim.o
 .comment       0x0000006e       0x6f ../obj/misc.o
 .comment       0x0000006e       0x6f ../obj/stm32f4xx_it.o

.debug_frame    0x00000000     0x1a88
 .debug_frame   0x00000000       0x58 ../obj/main.o
 .debug_frame   0x00000058       0x4c ../obj/startup_stm32f4xx.o
 .debug_frame   0x000000a4       0x7c ../obj/system_stm32f4xx.o
 .debug_frame   0x00000120      0x6d4 ../obj/stm32f4xx_rcc.o
 .debug_frame   0x000007f4      0x23c ../obj/stm32f4xx_gpio.o
 .debug_frame   0x00000a30      0xe54 ../obj/stm32f4xx_tim.o
 .debug_frame   0x00001884       0xd8 ../obj/misc.o
 .debug_frame   0x0000195c      0x12c ../obj/stm32f4xx_it.o
